// Jest Snapshot v1, https://goo.gl/fbAQLP

exports[`App should render self and subcomponents 1`] = `undefined`;
