// Jest Snapshot v1, https://goo.gl/fbAQLP

exports[`Auth should render self and subcomponents 1`] = `undefined`;
