// Jest Snapshot v1, https://goo.gl/fbAQLP

exports[`CardCount should render self and subcomponents 1`] = `
<CardCount
  current={25}
  max={100}
>
  <div>
    <span>
      25
    </span>
    <span />
    <span>
      100
    </span>
  </div>
</CardCount>
`;
