// Jest Snapshot v1, https://goo.gl/fbAQLP

exports[`Modal should render self and subcomponents 1`] = `
<Modal
  ariaHideApp={true}
  bodyOpenClassName="ReactModal__Body--open"
  className="modal-content null"
  closeTimeoutMS={0}
  contentLabel="Test modal"
  isOpen={false}
  onAfterOpen={null}
  onRequestClose={[Function]}
  overlayClassName="modal-overlay null"
  parentSelector={[Function]}
  portalClassName="ReactModalPortal"
  shouldCloseOnEsc={true}
  shouldCloseOnOverlayClick={true}
  shouldFocusAfterRender={true}
  shouldReturnFocusAfterClose={true}
  style={
    Object {
      "content": null,
    }
  }
>
  <a
    className="close-modal"
    onClick={[Function]}
    role="presentation"
  >
    Close
  </a>
  <div />
</Modal>
`
